// Jest Snapshot v1, https://goo.gl/fbAQLP

exports[`actions_model model 1`] = `
[
  {
    "actionId": {
      "Model": [Function],
      "_modelAttribute": true,
      "allowNull": false,
      "field": "action_id",
      "fieldName": "actionId",
      "type": STRING {
        "_binary": undefined,
        "_length": 255,
        "options": {
          "binary": undefined,
          "length": undefined,
        },
      },
      "unique": "unique_campaign_action",
    },
    "callbackId": {
      "Model": [Function],
      "_modelAttribute": true,
      "allowNull": false,
      "field": "callback_id",
      "fieldName": "callbackId",
      "type": STRING {
        "_binary": undefined,
        "_length": 255,
        "options": {
          "binary": undefined,
          "length": undefined,
        },
      },
    },
    "callbackOpts": {
      "Model": [Function],
      "_modelAttribute": true,
      "field": "callback_opts",
      "fieldName": "callbackOpts",
      "get": [Function],
      "set": [Function],
      "type": TEXT {
        "_length": "",
        "options": {
          "length": undefined,
        },
      },
    },
    "campaignId": {
      "Model": [Function],
      "_modelAttribute": true,
      "allowNull": false,
      "field": "campaign_id",
      "fieldName": "campaignId",
      "type": STRING {
        "_binary": undefined,
        "_length": 255,
        "options": {
          "binary": undefined,
          "length": undefined,
        },
      },
      "unique": "unique_campaign_action",
    },
    "completedAt": {
      "Model": [Function],
      "_modelAttribute": true,
      "field": "completed_at",
      "fieldName": "completedAt",
      "type": DATE {
        "_length": "",
        "options": {
          "length": undefined,
        },
      },
    },
    "createdAt": {
      "Model": [Function],
      "_autoGenerated": true,
      "_modelAttribute": true,
      "allowNull": false,
      "field": "created_at",
      "fieldName": "createdAt",
      "type": DATE {
        "_length": "",
        "options": {
          "length": undefined,
        },
      },
    },
    "expectedAt": {
      "Model": [Function],
      "_modelAttribute": true,
      "allowNull": false,
      "field": "expected_at",
      "fieldName": "expectedAt",
      "type": DATE {
        "_length": "",
        "options": {
          "length": undefined,
        },
      },
    },
    "id": {
      "Model": [Function],
      "_modelAttribute": true,
      "autoIncrement": true,
      "field": "id",
      "fieldName": "id",
      "primaryKey": true,
      "type": INTEGER {
        "_decimals": undefined,
        "_length": undefined,
        "_precision": undefined,
        "_scale": undefined,
        "_unsigned": undefined,
        "_zerofill": undefined,
        "options": {},
      },
    },
    "log": {
      "Model": [Function],
      "_modelAttribute": true,
      "field": "log",
      "fieldName": "log",
      "type": STRING {
        "_binary": undefined,
        "_length": 255,
        "options": {
          "binary": undefined,
          "length": undefined,
        },
      },
    },
    "state": {
      "Model": [Function],
      "_modelAttribute": true,
      "defaultValue": "pending",
      "field": "state",
      "fieldName": "state",
      "type": STRING {
        "_binary": undefined,
        "_length": 255,
        "options": {
          "binary": undefined,
          "length": undefined,
        },
      },
      "validate": {
        "isIn": [
          [
            "pending",
            "processing",
            "completed",
            "failed",
          ],
        ],
      },
    },
    "subject": {
      "Model": [Function],
      "_modelAttribute": true,
      "allowNull": false,
      "field": "subject",
      "fieldName": "subject",
      "type": STRING {
        "_binary": undefined,
        "_length": 255,
        "options": {
          "binary": undefined,
          "length": undefined,
        },
      },
      "unique": "unique_campaign_action",
    },
    "updatedAt": {
      "Model": [Function],
      "_autoGenerated": true,
      "_modelAttribute": true,
      "allowNull": false,
      "field": "updated_at",
      "fieldName": "updatedAt",
      "type": DATE {
        "_length": "",
        "options": {
          "length": undefined,
        },
      },
    },
  },
  {},
  true,
  "cs_actions",
]
`;
